17:56:41 **** Incremental Build of configuration Debug for project 01_Blink_BareMetal ****
make -j4 all 
arm-none-eabi-gcc "../Core/Src/main.c" -mcpu=cortex-m4 -std=gnu11 -g3 -DDEBUG -DUSE_HAL_DRIVER -DSTM32F401xE -c -I../Core/Inc -I../Drivers/STM32F4xx_HAL_Driver/Inc -I../Drivers/STM32F4xx_HAL_Driver/Inc/Legacy -I../Drivers/CMSIS/Device/ST/STM32F4xx/Include -I../Drivers/CMSIS/Include -O0 -ffunction-sections -fdata-sections -Wall -fstack-usage -fcyclomatic-complexity -MMD -MP -MF"Core/Src/main.d" -MT"Core/Src/main.o" --specs=nano.specs -mfpu=fpv4-sp-d16 -mfloat-abi=hard -mthumb -o "Core/Src/main.o"
arm-none-eabi-gcc -o "01_Blink_BareMetal.elf" @"objects.list"   -mcpu=cortex-m4 -T"D:\rtos\workspace\01_Blink_BareMetal\STM32F401RETX_FLASH.ld" --specs=nosys.specs -Wl,-Map="01_Blink_BareMetal.map" -Wl,--gc-sections -static --specs=nano.specs -mfpu=fpv4-sp-d16 -mfloat-abi=hard -mthumb -Wl,--start-group -lc -lm -Wl,--end-group
Finished building target: 01_Blink_BareMetal.elf
 
arm-none-eabi-size  01_Blink_BareMetal.elf 
arm-none-eabi-objdump -h -S 01_Blink_BareMetal.elf  > "01_Blink_BareMetal.list"
   text	   data	    bss	    dec	    hex	filename
   5844	     12	   1572	   7428	   1d04	01_Blink_BareMetal.elf
Finished building: default.size.stdout
 
Finished building: 01_Blink_BareMetal.list
 
17:56:45 **** Incremental Build of configuration Debug for project 01_Blink_BareMetal ****
make -j4 all 
arm-none-eabi-size  01_Blink_BareMetal.elf 
   text	   data	    bss	    dec	    hex	filename
   5844	     12	   1572	   7428	   1d04	01_Blink_BareMetal.elf
Finished building: default.size.stdout
 
